cohen50

Grade for lab1

Problem 3.1(a): 15/15
Graded by: Hyunchai (jeong3@purdue.edu)

Problem 3.1(b): 15/15
Graded by Hyunchai (jeong3@purdue.edu)

Problem 3.1(c): 15/15
Graded by Hyunchai (jeong3@purdue.edu)

Problem 3.2: 20/20
Graded by Rashidedin (rjahandi@purdue.edu)

Problem 3.3(a): 10/10
Graded by Shushan (sashutos@purdue.edu)

Problem 3.3(b): 30/30
Graded by Shushan (sashutos@purdue.edu)

Problem 3.4: 30/30
Graded by Muqi (zou116@purdue.edu)

Problem 3.5: 30/30
Graded by Muqi (zou116@purdue.edu)

Bonus: 11/15
Comment: Incomplete answer with incorrect info to execve/create
Graded by Rashidedin (rjahandi@purdue.edu)

Remaining late days: 3

Total: 176/165

Total (with early submission credit): 184.8/165


=================

Regrade for lab1

Problem 3.1(a): 15/15
Graded by: Hyunchai (jeong3@purdue.edu)

Problem 3.1(b): 15/15
Graded by Hyunchai (jeong3@purdue.edu)

Problem 3.1(c): 15/15
Graded by Hyunchai (jeong3@purdue.edu)

Problem 3.2: 20/20
Graded by Rashidedin (rjahandi@purdue.edu)

Problem 3.3(a): 10/10
Graded by Shushan (sashutos@purdue.edu)

Problem 3.3(b): 30/30
Graded by Shushan (sashutos@purdue.edu)

Problem 3.4: 30/30
Graded by Muqi (zou116@purdue.edu)

Problem 3.5: 30/30
Graded by Muqi (zou116@purdue.edu)

Bonus: 11/15
Comment: Incomplete answer with incorrect info to execve/create
Graded by Rashidedin (rjahandi@purdue.edu)

Remaining late days: 3

Total: 176/165

Final total (with early submission credit): 184.8/165